HEY CREATE A FILE WITH THIS Last login: Fri Nov 28 17:44:56 on ttys000
admin@Admins-MBP ~ % cat commands_log.txt
admin@Admins-MBP ~ % vim app.txt

admin@Admins-MBP ~ % vim app.txt
admin@Admins-MBP ~ % open -a TextEdit notes.txt
admin@Admins-MBP ~ % open -a TextEdit notes.txt
admin@Admins-MBP ~ % cat notes.txt
Linux-ը բաց կոդով օպերացիոն համակարգ է Թերմինալը թույլ է տալիս կառավարել ֆայլեր Գործում է սերվերներում և embedded համակարգերում Ունի տարբեր դիստրիբուտիվներ՝ Ubuntu, Fedora, Debian Հաճախ օգտագործվում է ծրագրավորման և DevOps-ի համար%         admin@Admins-MBP ~ % nano commands_log.txt
admin@Admins-MBP ~ % cat commands_log.txt

admin@Admins-MBP ~ % cd ~/linux_practice

admin@Admins-MBP linux_practice % git add.
git: 'add.' is not a git command. See 'git --help'.

The most similar command is
	add
admin@Admins-MBP linux_practice % git commit -m "Update commands_log.txt, app.txt and notes.txt"

On branch main
Untracked files:
  (use "git add <file>..." to include in what will be committed)
	activity.log
	linux_practise
	logs/
	project/

nothing added to commit but untracked files present (use "git add" to track)
admin@Admins-MBP linux_practice % git push -u origin main

Username for 'https://github.com': HAYKVRADERESYAN
Password for 'https://HAYKVRADERESYAN@github.com': 
remote: Invalid username or token. Password authentication is not supported for Git operations.
fatal: Authentication failed for 'https://github.com/HAYKVARDERESYAN/linux_practice.git/'
admin@Admins-MBP linux_practice % git push -u origin 
fatal: The current branch main has no upstream branch.
To push the current branch and set the remote as upstream, use

    git push --set-upstream origin main

To have this happen automatically for branches without a tracking
upstream, see 'push.autoSetupRemote' in 'git help config'.

admin@Admins-MBP linux_practice % git push -u origin main

Username for 'https://github.com': HAYKVARDERESYAN
Password for 'https://HAYKVARDERESYAN@github.com': 
remote: Invalid username or token. Password authentication is not supported for Git operations.
fatal: Authentication failed for 'https://github.com/HAYKVARDERESYAN/linux_practice.git/'
admin@Admins-MBP linux_practice % cd ~/linux_practice/project

admin@Admins-MBP project % nano tasks.txt
admin@Admins-MBP project % grep "level up" tasks.txt
1 level up python knowlegde
admin@Admins-MBP project % grep "Linux" tasks.txt | wc -l

       0
admin@Admins-MBP project % cd ~/linux_practice

admin@Admins-MBP linux_practice % git commit -m "Update tasks.txt with programming goals and grep examples"

On branch main
Untracked files:
  (use "git add <file>..." to include in what will be committed)
	activity.log
	linux_practise
	logs/
	project/

nothing added to commit but untracked files present (use "git add" to track)
admin@Admins-MBP linux_practice % git add.
git: 'add.' is not a git command. See 'git --help'.

The most similar command is
	add
admin@Admins-MBP linux_practice % git add
Nothing specified, nothing added.
hint: Maybe you wanted to say 'git add .'?
hint: Disable this message with "git config set advice.addEmptyPathspec false"
admin@Admins-MBP linux_practice % git add.
git: 'add.' is not a git command. See 'git --help'.

The most similar command is
	add
admin@Admins-MBP linux_practice % git remote add origin https://github.com/haikvarderesyan11-dot/linux_practise.git

admin@Admins-MBP linux_practice % The most similar command is
        add
admin@Admins-MBP linux_practice % git add
Nothing specified, nothing added.
hint: Maybe you wanted to say 'git add .'?
hint: Disable this message with "git config set advice.addEmptyPathspec false"
admin@Admins-MBP linux_practice % git add.
git: 'add.' is not a git command. See 'git --help'.

admin@Admins-MBP linux_practice % The most similar command is
        add
admin@Admins-MBP linux_practice % git add
Nothing specified, nothing added.
hint: Maybe you wanted to say 'git add .'?
hint: Disable this message with "git config set advice.addEmptyPathspec false"
admin@Admins-MBP linux_practice % git add.
git: 'add.' is not a git command. See 'git --help'.

admin@Admins-MBP linux_practice % The most similar command is
        add
admin@Admins-MBP linux_practice % git add
Nothing specified, nothing added.
hint: Maybe you wanted to say 'git add .'?
hint: Disable this message with "git config set advice.addEmptyPathspec false"
admin@Admins-MBP linux_practice % git add.
git: 'add.' is not a git command. See 'git --help'.

admin@Admins-MBP linux_practice % The most similar command is
        add
admin@Admins-MBP linux_practice % git add
Nothing specified, nothing added.
hint: Maybe you wanted to say 'git add .'?
hint: Disable this message with "git config set advice.addEmptyPathspec false"
admin@Admins-MBP linux_practice % git add.
git: 'add.' is not a git command. See 'git --help'.

admin@Admins-MBP linux_practice % The most similar command is
        add
admin@Admins-MBP linux_practice % git add
Nothing specified, nothing added.
hint: Maybe you wanted to say 'git add .'?
hint: Disable this message with "git config set advice.addEmptyPathspec false"
admin@Admins-MBP linux_practice % git add.
git: 'add.' is not a git command. See 'git --help'.

admin@Admins-MBP linux_practice % The most similar command is
        add
admin@Admins-MBP linux_practice % git add
Nothing specified, nothing added.
hint: Maybe you wanted to say 'git add .'?
hint: Disable this message with "git config set advice.addEmptyPathspec false"
admin@Admins-MBP linux_practice % git add.
git: 'add.' is not a git command. See 'git --help'.

admin@Admins-MBP linux_practice % The most similar command is
        add
admin@Admins-MBP linux_practice % git add
Nothing specified, nothing added.
hint: Maybe you wanted to say 'git add .'?
hint: Disable this message with "git config set advice.addEmptyPathspec false"
admin@Admins-MBP linux_practice % git add.
git: 'add.' is not a git command. See 'git --help'.

admin@Admins-MBP linux_practice % The most similar command is
        add
admin@Admins-MBP linux_practice % git add
Nothing specified, nothing added.
hint: Maybe you wanted to say 'git add .'?
hint: Disable this message with "git config set advice.addEmptyPathspec false"
admin@Admins-MBP linux_practice % git add.
git: 'add.' is not a git command. See 'git --help'.

admin@Admins-MBP linux_practice % The most similar command is
        add
admin@Admins-MBP linux_practice % git add
Nothing specified, nothing added.
hint: Maybe you wanted to say 'git add .'?
hint: Disable this message with "git config set advice.addEmptyPathspec false"
admin@Admins-MBP linux_practice % git add.
git: 'add.' is not a git command. See 'git --help'.

admin@Admins-MBP linux_practice % The most similar command is
        add
admin@Admins-MBP linux_practice % git add
Nothing specified, nothing added.
hint: Maybe you wanted to say 'git add .'?
hint: Disable this message with "git config set advice.addEmptyPathspec false"
admin@Admins-MBP linux_practice % git add.
git: 'add.' is not a git command. See 'git --help'.

admin@Admins-MBP linux_practice % The most similar command is
        add
admin@Admins-MBP linux_practice % git add
Nothing specified, nothing added.
hint: Maybe you wanted to say 'git add .'?
hint: Disable this message with "git config set advice.addEmptyPathspec false"
admin@Admins-MBP linux_practice % git add.
git: 'add.' is not a git command. See 'git --help'.

admin@Admins-MBP linux_practice % >....                                                                                                                                                                      
Nothing specified, nothing added.
hint: Maybe you wanted to say 'git add .'?
hint: Disable this message with "git config set advice.addEmptyPathspec false"
admin@Admins-MBP linux_practice % git add.
git: 'add.' is not a git command. See 'git --help'.

admin@Admins-MBP linux_practice % >....                                                                                                                                                             
git: 'add.' is not a git command. See 'git --help'.

admin@Admins-MBP linux_practice % >....                                                                                                                                                          
admin@Admins-MBP linux_practice % >....                                                                                                                                                       admin@Admins-MBP linux_practice % The most similar command is
        add
admin@Admins-MBP linux_practice % git add
Nothing specified, nothing added.
hint: Maybe you wanted to say 'git add .'?
hint: Disable this message with "git config set advice.addEmptyPathspec false"
admin@Admins-MBP linux_practice % git add.
git: 'add.' is not a git command. See 'git --help'.

The most similar command is
        add
admin@Admins-MBP linux_practice % git remote add origin https://github.com/haikvarderesyan11-dot/linux_practise.git

error: remote origin already exists.
admin@Admins-MBP linux_practice % git push -u origin main

Username for 'https://github.com': HAYKVARDERESYAN
Password for 'https://HAYKVARDERESYAN@github.com': 
remote: Repository not found.
fatal: repository 'https://github.com/HAYKVARDERESYAN/linux_practice.git/' not found
admin@Admins-MBP linux_practice % 
The most similar command is
        add
admin@Admins-MBP linux_practice % git add
Nothing specified, nothing added.
hint: Maybe you wanted to say 'git add .'?
hint: Disable this message with "git config set advice.addEmptyPathspec false"
admin@Admins-MBP linux_practice % git add.
git: 'add.' is not a git command. See 'git --help'.

The most similar command is
        add
admin@Admins-MBP linux_practice % git remote add origin https://github.com/haikvarderesyan11-dot/linux_practise.git

error: remote origin already exists.
admin@Admins-MBP linux_practice % git push -u origin main

Username for 'https://github.com': HAYKVARDERESYAN
Password for 'https://HAYKVARDERESYAN@github.com': 
remote: Repository not found.
fatal: repository 'https://github.com/HAYKVARDERESYAN/linux_practice.git/' not found
admin@Admins-MBP linux_practice % 
cd ~/linux_practice/project
mv notes.txt linux_notes.txt
# Արդյունք: notes.txt վերանվանվել է linux_notes.txt

zsh: command not found: The
zsh: command not found: add
zsh: command not found: admin@Admins-MBP
zsh: command not found: Nothing
zsh: no matches found: git add .?
zsh: command not found: hint:
zsh: command not found: admin@Admins-MBP
zsh: command not found: git:
zsh: command not found: The
zsh: command not found: add
zsh: command not found: admin@Admins-MBP
zsh: command not found: error:
zsh: command not found: admin@Admins-MBP
zsh: command not found: Username
zsh: command not found: Password
zsh: command not found: remote:
zsh: command not found: fatal:
zsh: command not found: admin@Admins-MBP
zsh: command not found: The
zsh: command not found: add
zsh: command not found: admin@Admins-MBP
zsh: command not found: Nothing
zsh: no matches found: git add .?
zsh: command not found: hint:
zsh: command not found: admin@Admins-MBP
zsh: command not found: git:
zsh: command not found: The
zsh: command not found: add
zsh: command not found: admin@Admins-MBP
zsh: command not found: error:
zsh: command not found: admin@Admins-MBP
zsh: command not found: Username
zsh: command not found: Password
zsh: command not found: remote:
zsh: command not found: fatal:
zsh: command not found: admin@Admins-MBP
zsh: command not found: #
admin@Admins-MBP project %  
admin@Admins-MBP project % cd ~/linux_practice/project
admin@Admins-MBP project % mv notes.txt linux_notes.txt
mv: notes.txt: No such file or directory
admin@Admins-MBP project % echo # --- Part 4: File and folder management ---

cd ~/linux_practice/project
mv notes.txt linux_notes.txt
# notes.txt → linux_notes.txt

cp tasks.txt backup_tasks.txt
# Ստեղծվեց backup_tasks.txt

mv backup_tasks.txt ../logs/
# backup_tasks.txt տեղափոխվեց logs պանակ

cd ~/linux_practice
cp -r project project_backup>>commands_log.txt
# --- Part 4: File and folder management ---
mv: notes.txt: No such file or directory
zsh: command not found: #
zsh: command not found: #
zsh: command not found: #
admin@Admins-MBP linux_practice % nano commands_log.txt
admin@Admins-MBP linux_practice % nano commands_log.txt
admin@Admins-MBP linux_practice % nano commands log.txt

  UW PICO 5.09                                                                                File: commands                                                                                  













































^G Get Help                    ^O WriteOut                    ^R Read File                   ^Y Prev Pg                     ^K Cut Text                    ^C Cur Pos                     
^X Exit                        ^J Justify                     ^W Where is                    ^V Next Pg                     ^U UnCut Text                  ^T To Spell                    
